2026-06-20T06:02:07.2042679Z Current runner version: '2.335.1'
2026-06-20T06:02:07.2068296Z ##[group]Runner Image Provisioner
2026-06-20T06:02:07.2069147Z Hosted Compute Agent
2026-06-20T06:02:07.2069879Z Version: 20260611.554
2026-06-20T06:02:07.2070564Z Commit: 5e0782fdc9014723d3be820dd114dd31555c2bd1
2026-06-20T06:02:07.2072268Z Build Date: 2026-06-11T21:40:46Z
2026-06-20T06:02:07.2073051Z Worker ID: {0e87bd8b-2c84-4f08-ad00-3f58ba09644b}
2026-06-20T06:02:07.2073752Z Azure Region: westus
2026-06-20T06:02:07.2074424Z ##[endgroup]
2026-06-20T06:02:07.2075972Z ##[group]Operating System
2026-06-20T06:02:07.2076667Z Ubuntu
2026-06-20T06:02:07.2077199Z 24.04.4
2026-06-20T06:02:07.2077700Z LTS
2026-06-20T06:02:07.2078286Z ##[endgroup]
2026-06-20T06:02:07.2078835Z ##[group]Runner Image
2026-06-20T06:02:07.2079409Z Image: ubuntu-24.04
2026-06-20T06:02:07.2080021Z Version: 20260615.205.1
2026-06-20T06:02:07.2081497Z Included Software: https://github.com/actions/runner-images/blob/ubuntu24/20260615.205/images/ubuntu/Ubuntu2404-Readme.md
2026-06-20T06:02:07.2083158Z Image Release: https://github.com/actions/runner-images/releases/tag/ubuntu24%2F20260615.205
2026-06-20T06:02:07.2084100Z ##[endgroup]
2026-06-20T06:02:07.2085343Z ##[group]GITHUB_TOKEN Permissions
2026-06-20T06:02:07.2087430Z Contents: read
2026-06-20T06:02:07.2088185Z Metadata: read
2026-06-20T06:02:07.2088750Z ##[endgroup]
2026-06-20T06:02:07.2091039Z Secret source: Actions
2026-06-20T06:02:07.2092071Z Prepare workflow directory
2026-06-20T06:02:07.2565435Z Prepare all required actions
2026-06-20T06:02:07.2604884Z Getting action download info
2026-06-20T06:02:07.6681257Z Download action repository 'actions/checkout@v4' (SHA:34e114876b0b11c390a56381ad16ebd13914f8d5)
2026-06-20T06:02:07.7536094Z Download action repository 'actions/setup-node@v4' (SHA:49933ea5288caeca8642d1e84afbd3f7d6820020)
2026-06-20T06:02:07.8381763Z Download action repository 'openharmony-rs/setup-ohos-sdk@v1.0.0' (SHA:eb82b94ef522b07269679195c2512f22e922ef3b)
2026-06-20T06:02:08.0650485Z Download action repository 'actions/upload-artifact@v4' (SHA:ea165f8d65b6e75b540449e92b4886f43607fa02)
2026-06-20T06:02:08.2806197Z Getting action download info
2026-06-20T06:02:08.4019151Z Download action repository 'actions/cache@v5' (SHA:27d5ce7f107fe9357f9df03efb73ab90386fccae)
2026-06-20T06:02:08.5599137Z Complete job name: build
2026-06-20T06:02:08.6518597Z Node 20 is being deprecated. This workflow is running with Node 24 by default. If you need to temporarily use Node 20, you can set the ACTIONS_ALLOW_USE_UNSECURE_NODE_VERSION=true environment variable. For more information see: https://github.blog/changelog/2025-09-19-deprecation-of-node-20-on-github-actions-runners/
2026-06-20T06:02:08.6529767Z ##[group]Run actions/checkout@v4
2026-06-20T06:02:08.6530940Z with:
2026-06-20T06:02:08.6532000Z   repository: Xiwei753/xiezuoruanjian
2026-06-20T06:02:08.6543069Z   token: ***
2026-06-20T06:02:08.6543814Z   ssh-strict: true
2026-06-20T06:02:08.6544545Z   ssh-user: git
2026-06-20T06:02:08.6545308Z   persist-credentials: true
2026-06-20T06:02:08.6546182Z   clean: true
2026-06-20T06:02:08.6546932Z   sparse-checkout-cone-mode: true
2026-06-20T06:02:08.6547839Z   fetch-depth: 1
2026-06-20T06:02:08.6548559Z   fetch-tags: false
2026-06-20T06:02:08.6549316Z   show-progress: true
2026-06-20T06:02:08.6550069Z   lfs: false
2026-06-20T06:02:08.6550804Z   submodules: false
2026-06-20T06:02:08.6551703Z   set-safe-directory: true
2026-06-20T06:02:08.6552838Z ##[endgroup]
2026-06-20T06:02:08.7609143Z Syncing repository: Xiwei753/xiezuoruanjian
2026-06-20T06:02:08.7613554Z ##[group]Getting Git version info
2026-06-20T06:02:08.7614971Z Working directory is '/home/runner/work/xiezuoruanjian/xiezuoruanjian'
2026-06-20T06:02:08.7616903Z [command]/usr/bin/git version
2026-06-20T06:02:08.7628499Z git version 2.54.0
2026-06-20T06:02:08.7651777Z ##[endgroup]
2026-06-20T06:02:08.7666757Z Temporarily overriding HOME='/home/runner/work/_temp/116b27dc-3510-4083-9b46-de62394cea44' before making global git config changes
2026-06-20T06:02:08.7671933Z Adding repository directory to the temporary git global config as a safe directory
2026-06-20T06:02:08.7675173Z [command]/usr/bin/git config --global --add safe.directory /home/runner/work/xiezuoruanjian/xiezuoruanjian
2026-06-20T06:02:08.7729185Z Deleting the contents of '/home/runner/work/xiezuoruanjian/xiezuoruanjian'
2026-06-20T06:02:08.7733476Z ##[group]Initializing the repository
2026-06-20T06:02:08.7738048Z [command]/usr/bin/git init /home/runner/work/xiezuoruanjian/xiezuoruanjian
2026-06-20T06:02:08.7882244Z hint: Using 'master' as the name for the initial branch. This default branch name
2026-06-20T06:02:08.7885111Z hint: will change to "main" in Git 3.0. To configure the initial branch name
2026-06-20T06:02:08.7887436Z hint: to use in all of your new repositories, which will suppress this warning,
2026-06-20T06:02:08.7890079Z hint: call:
2026-06-20T06:02:08.7890895Z hint:
2026-06-20T06:02:08.7891972Z hint: 	git config --global init.defaultBranch <name>
2026-06-20T06:02:08.7893458Z hint:
2026-06-20T06:02:08.7895294Z hint: Names commonly chosen instead of 'master' are 'main', 'trunk' and
2026-06-20T06:02:08.7897238Z hint: 'development'. The just-created branch can be renamed via this command:
2026-06-20T06:02:08.7899261Z hint:
2026-06-20T06:02:08.7900274Z hint: 	git branch -m <name>
2026-06-20T06:02:08.7901442Z hint:
2026-06-20T06:02:08.7902812Z hint: Disable this message with "git config set advice.defaultBranchName false"
2026-06-20T06:02:08.7904977Z Initialized empty Git repository in /home/runner/work/xiezuoruanjian/xiezuoruanjian/.git/
2026-06-20T06:02:08.7908103Z [command]/usr/bin/git remote add origin https://github.com/Xiwei753/xiezuoruanjian
2026-06-20T06:02:08.7990769Z ##[endgroup]
2026-06-20T06:02:08.7993080Z ##[group]Disabling automatic garbage collection
2026-06-20T06:02:08.7994948Z [command]/usr/bin/git config --local gc.auto 0
2026-06-20T06:02:08.8023699Z ##[endgroup]
2026-06-20T06:02:08.8024893Z ##[group]Setting up auth
2026-06-20T06:02:08.8030786Z [command]/usr/bin/git config --local --name-only --get-regexp core\.sshCommand
2026-06-20T06:02:08.8067582Z [command]/usr/bin/git submodule foreach --recursive sh -c "git config --local --name-only --get-regexp 'core\.sshCommand' && git config --local --unset-all 'core.sshCommand' || :"
2026-06-20T06:02:08.8449710Z [command]/usr/bin/git config --local --name-only --get-regexp http\.https\:\/\/github\.com\/\.extraheader
2026-06-20T06:02:08.8480377Z [command]/usr/bin/git submodule foreach --recursive sh -c "git config --local --name-only --get-regexp 'http\.https\:\/\/github\.com\/\.extraheader' && git config --local --unset-all 'http.https://github.com/.extraheader' || :"
2026-06-20T06:02:08.8697141Z [command]/usr/bin/git config --local --name-only --get-regexp ^includeIf\.gitdir:
2026-06-20T06:02:08.8728236Z [command]/usr/bin/git submodule foreach --recursive git config --local --show-origin --name-only --get-regexp remote.origin.url
2026-06-20T06:02:08.8951652Z [command]/usr/bin/git config --local http.https://github.com/.extraheader AUTHORIZATION: basic ***
2026-06-20T06:02:08.8986733Z ##[endgroup]
2026-06-20T06:02:08.8988613Z ##[group]Fetching the repository
2026-06-20T06:02:08.8996308Z [command]/usr/bin/git -c protocol.version=2 fetch --no-tags --prune --no-recurse-submodules --depth=1 origin +21160dc1a1bfc7891796f21e82f1bcdff81cd76c:refs/remotes/origin/main
2026-06-20T06:02:09.5666339Z From https://github.com/Xiwei753/xiezuoruanjian
2026-06-20T06:02:09.5668051Z  * [new ref]         21160dc1a1bfc7891796f21e82f1bcdff81cd76c -> origin/main
2026-06-20T06:02:09.5704726Z ##[endgroup]
2026-06-20T06:02:09.5705614Z ##[group]Determining the checkout info
2026-06-20T06:02:09.5707168Z ##[endgroup]
2026-06-20T06:02:09.5712780Z [command]/usr/bin/git sparse-checkout disable
2026-06-20T06:02:09.5757363Z [command]/usr/bin/git config --local --unset-all extensions.worktreeConfig
2026-06-20T06:02:09.5783374Z ##[group]Checking out the ref
2026-06-20T06:02:09.5787269Z [command]/usr/bin/git checkout --progress --force -B main refs/remotes/origin/main
2026-06-20T06:02:09.6219130Z Switched to a new branch 'main'
2026-06-20T06:02:09.6221501Z branch 'main' set up to track 'origin/main'.
2026-06-20T06:02:09.6229273Z ##[endgroup]
2026-06-20T06:02:09.6272849Z [command]/usr/bin/git log -1 --format=%H
2026-06-20T06:02:09.6295133Z 21160dc1a1bfc7891796f21e82f1bcdff81cd76c
2026-06-20T06:02:09.6568047Z Node 20 is being deprecated. This workflow is running with Node 24 by default. If you need to temporarily use Node 20, you can set the ACTIONS_ALLOW_USE_UNSECURE_NODE_VERSION=true environment variable. For more information see: https://github.blog/changelog/2025-09-19-deprecation-of-node-20-on-github-actions-runners/
2026-06-20T06:02:09.6570782Z ##[group]Run actions/setup-node@v4
2026-06-20T06:02:09.6571598Z with:
2026-06-20T06:02:09.6572113Z   node-version: 22
2026-06-20T06:02:09.6572656Z   always-auth: false
2026-06-20T06:02:09.6573215Z   check-latest: false
2026-06-20T06:02:09.6577394Z   token: ***
2026-06-20T06:02:09.6577929Z ##[endgroup]
2026-06-20T06:02:09.8026928Z Found in cache @ /opt/hostedtoolcache/node/22.22.3/x64
2026-06-20T06:02:09.8030834Z (node:2266) [DEP0040] DeprecationWarning: The `punycode` module is deprecated. Please use a userland alternative instead.
2026-06-20T06:02:09.8032867Z (Use `node --trace-deprecation ...` to show where the warning was created)
2026-06-20T06:02:09.8034542Z ##[group]Environment details
2026-06-20T06:02:10.2509363Z node: v22.22.3
2026-06-20T06:02:10.2510423Z npm: 10.9.8
2026-06-20T06:02:10.2511528Z yarn: 1.22.22
2026-06-20T06:02:10.2513510Z ##[endgroup]
2026-06-20T06:02:10.2793624Z ##[group]Run openharmony-rs/setup-ohos-sdk@v1.0.0
2026-06-20T06:02:10.2794337Z with:
2026-06-20T06:02:10.2794836Z   version: 5.0.0
2026-06-20T06:02:10.2795352Z   cache: true
2026-06-20T06:02:10.2795861Z   fixup-path: true
2026-06-20T06:02:10.2796381Z   components: all
2026-06-20T06:02:10.2796894Z   mirror: true
2026-06-20T06:02:10.2797400Z ##[endgroup]
2026-06-20T06:02:10.2918639Z ##[group]Run echo "Cache true, version 5.0.0, components all, fixup true"
2026-06-20T06:02:10.2919649Z [36;1mecho "Cache true, version 5.0.0, components all, fixup true"[0m
2026-06-20T06:02:10.3142166Z shell: /usr/bin/bash --noprofile --norc -e -o pipefail {0}
2026-06-20T06:02:10.3142942Z ##[endgroup]
2026-06-20T06:02:10.3235045Z Cache true, version 5.0.0, components all, fixup true
2026-06-20T06:02:10.3328959Z ##[group]Run actions/cache@v5
2026-06-20T06:02:10.3329558Z with:
2026-06-20T06:02:10.3330069Z   path: ~/setup-ohos-sdk
2026-06-20T06:02:10.3330667Z   key: v1-Linux-ohos-sdk-5.0.0-all-true
2026-06-20T06:02:10.3331686Z   enableCrossOsArchive: false
2026-06-20T06:02:10.3332296Z   fail-on-cache-miss: false
2026-06-20T06:02:10.3332862Z   lookup-only: false
2026-06-20T06:02:10.3333389Z   save-always: false
2026-06-20T06:02:10.3333916Z ##[endgroup]
2026-06-20T06:02:10.6985310Z Cache not found for input keys: v1-Linux-ohos-sdk-5.0.0-all-true
2026-06-20T06:02:10.7088120Z ##[group]Run echo "$GITHUB_ACTION_PATH" >> $GITHUB_PATH
2026-06-20T06:02:10.7088922Z [36;1mecho "$GITHUB_ACTION_PATH" >> $GITHUB_PATH[0m
2026-06-20T06:02:10.7124501Z shell: /usr/bin/bash --noprofile --norc -e -o pipefail {0}
2026-06-20T06:02:10.7125204Z env:
2026-06-20T06:02:10.7125917Z   GITHUB_ACTION_PATH: /home/runner/work/_actions/openharmony-rs/setup-ohos-sdk/v1.0.0
2026-06-20T06:02:10.7126817Z ##[endgroup]
2026-06-20T06:02:10.7228257Z ##[group]Run install_ohos_sdk.sh
2026-06-20T06:02:10.7228862Z [36;1minstall_ohos_sdk.sh[0m
2026-06-20T06:02:10.7262211Z shell: /usr/bin/bash --noprofile --norc -e -o pipefail {0}
2026-06-20T06:02:10.7262909Z env:
2026-06-20T06:02:10.7263392Z   INPUT_VERSION: 5.0.0
2026-06-20T06:02:10.7263922Z   INPUT_COMPONENTS: all
2026-06-20T06:02:10.7264453Z   INPUT_FIXUP_PATH: true
2026-06-20T06:02:10.7264990Z   INPUT_MIRROR: true
2026-06-20T06:02:10.7265544Z   INPUT_CACHE: true
2026-06-20T06:02:10.7266057Z   INPUT_WAS_CACHED: 
2026-06-20T06:02:10.7270266Z   GH_TOKEN: ***
2026-06-20T06:02:10.7270796Z ##[endgroup]
2026-06-20T06:02:10.7379151Z + : 5.0.0
2026-06-20T06:02:10.7380123Z + : true
2026-06-20T06:02:10.7381628Z + URL_BASE=https://repo.huaweicloud.com/openharmony/os
2026-06-20T06:02:10.7382987Z + [[ linux-gnu == \l\i\n\u\x\-\g\n\u* ]]
2026-06-20T06:02:10.7383788Z + OS_FILENAME=ohos-sdk-windows_linux-public.tar.gz
2026-06-20T06:02:10.7384453Z + OS=linux
2026-06-20T06:02:10.7385057Z + WORK_DIR=/home/runner/setup-ohos-sdk
2026-06-20T06:02:10.7385764Z + mkdir -p /home/runner/setup-ohos-sdk
2026-06-20T06:02:10.7394113Z + cd /home/runner/setup-ohos-sdk
2026-06-20T06:02:10.7397859Z + echo sdk-path=/home/runner/setup-ohos-sdk
2026-06-20T06:02:10.7399131Z + [[ true != \t\r\u\e ]]
2026-06-20T06:02:10.7400159Z + [[ '' != \t\r\u\e ]]
2026-06-20T06:02:10.7401450Z + download_and_extract_sdk
2026-06-20T06:02:10.7402168Z + MIRROR_DOWNLOAD_SUCCESS=false
2026-06-20T06:02:10.7402788Z + [[ true == \t\r\u\e ]]
2026-06-20T06:02:10.7403428Z + RESOLVED_MIRROR_VERSION_TAG=v5.0.0
2026-06-20T06:02:10.7404549Z + gh release download v5.0.0 --pattern 'ohos-sdk-windows_linux-public.tar.gz*' --repo openharmony-rs/ohos-sdk
2026-06-20T06:02:24.4680181Z + MIRROR_DOWNLOAD_SUCCESS=true
2026-06-20T06:02:24.4680898Z + [[ true == \t\r\u\e ]]
2026-06-20T06:02:24.4681949Z + mv ohos-sdk-windows_linux-public.tar.gz.sha256 sha256.ohos-sdk-windows_linux-public.tar.gz
2026-06-20T06:02:24.4702370Z + shopt -s nullglob
2026-06-20T06:02:24.4703140Z + split_files=("${OS_FILENAME}".*)
2026-06-20T06:02:24.4703760Z + '[' 2 -ne 0 ']'
2026-06-20T06:02:24.4704654Z + cat ohos-sdk-windows_linux-public.tar.gz.aa ohos-sdk-windows_linux-public.tar.gz.ab
2026-06-20T06:02:28.4503323Z + rm ohos-sdk-windows_linux-public.tar.gz.aa ohos-sdk-windows_linux-public.tar.gz.ab
2026-06-20T06:02:29.1007224Z + mv sha256.ohos-sdk-windows_linux-public.tar.gz ohos-sdk-windows_linux-public.tar.gz.sha256
2026-06-20T06:02:29.1023177Z + [[ true != \t\r\u\e ]]
2026-06-20T06:02:29.1023694Z + [[ linux == \m\a\c ]]
2026-06-20T06:02:29.1039125Z + sha256sum --check --status
2026-06-20T06:02:29.1040002Z ++ cat ohos-sdk-windows_linux-public.tar.gz.sha256
2026-06-20T06:02:29.1040797Z + echo 'f06a2a8ae38a3cf01c583557f5a4bb1e6e3626df975599aa71f4a59e9af70ecc ohos-sdk-windows_linux-public.tar.gz'
2026-06-20T06:02:31.0752281Z + [[ 5.0.0 == \5\.\0\.\0 ]]
2026-06-20T06:02:31.0752794Z + tar -xf ohos-sdk-windows_linux-public.tar.gz
2026-06-20T06:02:46.5862310Z + rm ohos-sdk-windows_linux-public.tar.gz ohos-sdk-windows_linux-public.tar.gz.sha256
2026-06-20T06:02:46.7376637Z + [[ linux == \l\i\n\u\x ]]
2026-06-20T06:02:46.7377462Z + rm -rf windows
2026-06-20T06:02:46.9619877Z + rm -rf ohos
2026-06-20T06:02:46.9631085Z + cd linux
2026-06-20T06:02:46.9631891Z + OHOS_BASE_SDK_HOME=/home/runner/setup-ohos-sdk/linux
2026-06-20T06:02:46.9632409Z + extract_sdk_components
2026-06-20T06:02:46.9633369Z Extracting component ets-linux-x64-5.0.0.71-Release.zip
2026-06-20T06:02:46.9634594Z ##[group]Unzipping archive
2026-06-20T06:02:46.9636862Z + [[ all == \a\l\l ]]
2026-06-20T06:02:46.9637287Z + COMPONENTS=(*.zip)
2026-06-20T06:02:46.9637782Z + for COMPONENT in "${COMPONENTS[@]}"
2026-06-20T06:02:46.9638265Z + echo 'Extracting component ets-linux-x64-5.0.0.71-Release.zip'
2026-06-20T06:02:46.9638796Z + echo '::group::Unzipping archive'
2026-06-20T06:02:46.9639365Z + [[ -f ets-linux-x64-5.0.0.71-Release.zip ]]
2026-06-20T06:02:46.9639758Z + unzip -q ets-linux-x64-5.0.0.71-Release.zip
2026-06-20T06:02:49.7032624Z + echo ::endgroup::
2026-06-20T06:02:49.7033287Z ##[endgroup]
2026-06-20T06:02:49.7033674Z + component_dir=ets
2026-06-20T06:02:49.7042520Z ++ jq -r .apiVersion
2026-06-20T06:02:49.7068498Z + API_VERSION=12
2026-06-20T06:02:49.7068965Z + '[' true = true ']'
2026-06-20T06:02:49.7069380Z + mkdir -p 12
2026-06-20T06:02:49.7082370Z + mv ets 12/
2026-06-20T06:02:49.7095801Z + for COMPONENT in "${COMPONENTS[@]}"
2026-06-20T06:02:49.7096324Z Extracting component js-linux-x64-5.0.0.71-Release.zip
2026-06-20T06:02:49.7097262Z + echo 'Extracting component js-linux-x64-5.0.0.71-Release.zip'
2026-06-20T06:02:49.7098057Z ##[group]Unzipping archive
2026-06-20T06:02:49.7122154Z + echo '::group::Unzipping archive'
2026-06-20T06:02:49.7138852Z + [[ -f js-linux-x64-5.0.0.71-Release.zip ]]
2026-06-20T06:02:49.7152135Z + unzip -q js-linux-x64-5.0.0.71-Release.zip
2026-06-20T06:02:51.6316646Z + echo ::endgroup::
2026-06-20T06:02:51.6317043Z + component_dir=js
2026-06-20T06:02:51.6317889Z ##[endgroup]
2026-06-20T06:02:51.6320048Z ++ jq -r .apiVersion
2026-06-20T06:02:51.6352724Z + API_VERSION=12
2026-06-20T06:02:51.6353191Z + '[' true = true ']'
2026-06-20T06:02:51.6353754Z + mkdir -p 12
2026-06-20T06:02:51.6372015Z + mv js 12/
2026-06-20T06:02:51.6379393Z + for COMPONENT in "${COMPONENTS[@]}"
2026-06-20T06:02:51.6380451Z + echo 'Extracting component native-linux-x64-5.0.0.71-Release.zip'
2026-06-20T06:02:51.6381664Z + echo '::group::Unzipping archive'
2026-06-20T06:02:51.6382519Z + [[ -f native-linux-x64-5.0.0.71-Release.zip ]]
2026-06-20T06:02:51.6383423Z + unzip -q native-linux-x64-5.0.0.71-Release.zip
2026-06-20T06:02:51.6392287Z Extracting component native-linux-x64-5.0.0.71-Release.zip
2026-06-20T06:02:51.6393670Z ##[group]Unzipping archive
2026-06-20T06:03:12.2220347Z + echo ::endgroup::
2026-06-20T06:03:12.2221470Z ##[endgroup]
2026-06-20T06:03:12.2221868Z + component_dir=native
2026-06-20T06:03:12.2224486Z ++ jq -r .apiVersion
2026-06-20T06:03:12.2254304Z + API_VERSION=12
2026-06-20T06:03:12.2254761Z + '[' true = true ']'
2026-06-20T06:03:12.2255200Z + mkdir -p 12
2026-06-20T06:03:12.2266879Z + mv native 12/
2026-06-20T06:03:12.2282327Z + for COMPONENT in "${COMPONENTS[@]}"
2026-06-20T06:03:12.2283710Z Extracting component previewer-linux-x64-5.0.0.71-Release.zip
2026-06-20T06:03:12.2284960Z + echo 'Extracting component previewer-linux-x64-5.0.0.71-Release.zip'
2026-06-20T06:03:12.2286035Z ##[group]Unzipping archive
2026-06-20T06:03:12.2286714Z + echo '::group::Unzipping archive'
2026-06-20T06:03:12.2287525Z + [[ -f previewer-linux-x64-5.0.0.71-Release.zip ]]
2026-06-20T06:03:12.2288493Z + unzip -q previewer-linux-x64-5.0.0.71-Release.zip
2026-06-20T06:03:14.7577918Z + echo ::endgroup::
2026-06-20T06:03:14.7579021Z ##[endgroup]
2026-06-20T06:03:14.7579453Z + component_dir=previewer
2026-06-20T06:03:14.7580423Z ++ jq -r .apiVersion
2026-06-20T06:03:14.7611079Z + API_VERSION=12
2026-06-20T06:03:14.7611704Z + '[' true = true ']'
2026-06-20T06:03:14.7612141Z + mkdir -p 12
2026-06-20T06:03:14.7624128Z + mv previewer 12/
2026-06-20T06:03:14.7638627Z + for COMPONENT in "${COMPONENTS[@]}"
2026-06-20T06:03:14.7639556Z Extracting component toolchains-linux-x64-5.0.0.71-Release.zip
2026-06-20T06:03:14.7640559Z + echo 'Extracting component toolchains-linux-x64-5.0.0.71-Release.zip'
2026-06-20T06:03:14.7641382Z + echo '::group::Unzipping archive'
2026-06-20T06:03:14.7641846Z + [[ -f toolchains-linux-x64-5.0.0.71-Release.zip ]]
2026-06-20T06:03:14.7642365Z + unzip -q toolchains-linux-x64-5.0.0.71-Release.zip
2026-06-20T06:03:14.7642991Z ##[group]Unzipping archive
2026-06-20T06:03:15.0194650Z + echo ::endgroup::
2026-06-20T06:03:15.0195588Z ##[endgroup]
2026-06-20T06:03:15.0196052Z + component_dir=toolchains
2026-06-20T06:03:15.0198089Z ++ jq -r .apiVersion
2026-06-20T06:03:15.0229001Z + API_VERSION=12
2026-06-20T06:03:15.0229452Z + '[' true = true ']'
2026-06-20T06:03:15.0229798Z + mkdir -p 12
2026-06-20T06:03:15.0241850Z + mv toolchains 12/
2026-06-20T06:03:15.0257032Z + rm ./ets-linux-x64-5.0.0.71-Release.zip ./js-linux-x64-5.0.0.71-Release.zip ./native-linux-x64-5.0.0.71-Release.zip ./previewer-linux-x64-5.0.0.71-Release.zip ./toolchains-linux-x64-5.0.0.71-Release.zip
2026-06-20T06:03:15.2125738Z + '[' true = true ']'
2026-06-20T06:03:15.2130315Z ++ cd /home/runner/setup-ohos-sdk/linux/12
2026-06-20T06:03:15.2130840Z ++ pwd
2026-06-20T06:03:15.2142574Z + OHOS_NDK_HOME=/home/runner/setup-ohos-sdk/linux/12
2026-06-20T06:03:15.2143414Z + OHOS_SDK_NATIVE=/home/runner/setup-ohos-sdk/linux/12/native
2026-06-20T06:03:15.2144189Z + cd /home/runner/setup-ohos-sdk/linux/12/native
2026-06-20T06:03:15.2144728Z ++ jq -r .version
2026-06-20T06:03:15.2168152Z + SDK_VERSION=5.0.0.71
2026-06-20T06:03:15.2171906Z ++ jq -r .apiVersion
2026-06-20T06:03:15.2199936Z + API_VERSION=12
2026-06-20T06:03:15.2201360Z + echo OHOS_BASE_SDK_HOME=/home/runner/setup-ohos-sdk/linux
2026-06-20T06:03:15.2202286Z + echo ohos-base-sdk-home=/home/runner/setup-ohos-sdk/linux
2026-06-20T06:03:15.2203137Z + echo OHOS_NDK_HOME=/home/runner/setup-ohos-sdk/linux/12
2026-06-20T06:03:15.2203989Z + echo OHOS_SDK_NATIVE=/home/runner/setup-ohos-sdk/linux/12/native
2026-06-20T06:03:15.2204941Z + echo ohos_sdk_native=/home/runner/setup-ohos-sdk/linux/12/native
2026-06-20T06:03:15.2205583Z + echo sdk-version=5.0.0.71
2026-06-20T06:03:15.2205879Z + echo api-version=12
2026-06-20T06:03:15.2277968Z ##[group]Run cd $RUNNER_TEMP
2026-06-20T06:03:15.2278281Z [36;1mcd $RUNNER_TEMP[0m
2026-06-20T06:03:15.2278791Z [36;1mwget -q -O commandline-tools-linux.zip https://image.cdn.dog/commandline-tools-linux-x64-6.0.2.642.zip[0m
2026-06-20T06:03:15.2279662Z [36;1mecho "181d283be91392e0a5dc09caf5ebda34c778cccc9985d8a97a814808452e2471  commandline-tools-linux.zip" | sha256sum -c -[0m
2026-06-20T06:03:15.2280343Z [36;1munzip -q commandline-tools-linux.zip -d harmony-tools[0m
2026-06-20T06:03:15.2280882Z [36;1mecho "COMMANDLINE_TOOL_DIR=$RUNNER_TEMP/harmony-tools/command-line-tools" >> $GITHUB_ENV[0m
2026-06-20T06:03:15.2282010Z [36;1mecho "$RUNNER_TEMP/harmony-tools/command-line-tools/bin" >> $GITHUB_PATH[0m
2026-06-20T06:03:15.2313779Z shell: /usr/bin/bash -e {0}
2026-06-20T06:03:15.2314023Z env:
2026-06-20T06:03:15.2314315Z   OHOS_BASE_SDK_HOME: /home/runner/setup-ohos-sdk/linux
2026-06-20T06:03:15.2314669Z   OHOS_NDK_HOME: /home/runner/setup-ohos-sdk/linux/12
2026-06-20T06:03:15.2315059Z   OHOS_SDK_NATIVE: /home/runner/setup-ohos-sdk/linux/12/native
2026-06-20T06:03:15.2315396Z ##[endgroup]
2026-06-20T06:03:40.5019473Z commandline-tools-linux.zip: OK
2026-06-20T06:04:29.2105244Z ##[group]Run # setup-ohos-sdk puts components under ~/setup-ohos-sdk/linux/{component}/
2026-06-20T06:04:29.2106064Z [36;1m# setup-ohos-sdk puts components under ~/setup-ohos-sdk/linux/{component}/[0m
2026-06-20T06:04:29.2106557Z [36;1m# hvigor expects DEVECO_SDK_HOME to have structure:[0m
2026-06-20T06:04:29.2106975Z [36;1m#   {sdk-root}/default/openharmony/{api-version}/ets/[0m
2026-06-20T06:04:29.2107365Z [36;1m#   {sdk-root}/default/openharmony/{api-version}/native/[0m
2026-06-20T06:04:29.2107681Z [36;1m#[0m
2026-06-20T06:04:29.2108073Z [36;1m# With fixup-path=true, components are under ~/setup-ohos-sdk/linux/{api-version}/{component}/[0m
2026-06-20T06:04:29.2108608Z [36;1m# We need to reorganize this into the expected structure.[0m
2026-06-20T06:04:29.2108937Z [36;1m[0m
2026-06-20T06:04:29.2109159Z [36;1mSDK_SRC="$HOME/setup-ohos-sdk/linux"[0m
2026-06-20T06:04:29.2109467Z [36;1mSDK_DST="$RUNNER_TEMP/harmony-sdk"[0m
2026-06-20T06:04:29.2109727Z [36;1m[0m
2026-06-20T06:04:29.2109965Z [36;1mecho "=== Source SDK structure ==="[0m
2026-06-20T06:04:29.2110309Z [36;1mfind "$SDK_SRC" -maxdepth 3 -type d | sort || true[0m
2026-06-20T06:04:29.2110693Z [36;1m[0m
2026-06-20T06:04:29.2110907Z [36;1mAPI_VERSION="12"[0m
2026-06-20T06:04:29.2111473Z [36;1mecho "API version from action: $API_VERSION"[0m
2026-06-20T06:04:29.2111786Z [36;1m[0m
2026-06-20T06:04:29.2112048Z [36;1m# If API_VERSION is empty, try to detect it from directory[0m
2026-06-20T06:04:29.2112408Z [36;1mif [ -z "$API_VERSION" ]; then[0m
2026-06-20T06:04:29.2112698Z [36;1m  API_VERSION=$(ls "$SDK_SRC" | head -1)[0m
2026-06-20T06:04:29.2113060Z [36;1m  echo "Detected API version from directory: $API_VERSION"[0m
2026-06-20T06:04:29.2113384Z [36;1mfi[0m
2026-06-20T06:04:29.2113582Z [36;1m[0m
2026-06-20T06:04:29.2113822Z [36;1m# Create the hvigor-expected directory structure[0m
2026-06-20T06:04:29.2114213Z [36;1mmkdir -p "$SDK_DST/default/openharmony/$API_VERSION"[0m
2026-06-20T06:04:29.2114572Z [36;1m[0m
2026-06-20T06:04:29.2114844Z [36;1m# Copy all component directories into the expected structure[0m
2026-06-20T06:04:29.2115223Z [36;1mif [ -d "$SDK_SRC/$API_VERSION" ]; then[0m
2026-06-20T06:04:29.2115626Z [36;1m  # fixup-path=true: components are under {api-version}/[0m
2026-06-20T06:04:29.2116404Z [36;1m  cp -r "$SDK_SRC/$API_VERSION"/* "$SDK_DST/default/openharmony/$API_VERSION/" 2>/dev/null || true[0m
2026-06-20T06:04:29.2116854Z [36;1melse[0m
2026-06-20T06:04:29.2117131Z [36;1m  # fixup-path=false: components are directly under linux/[0m
2026-06-20T06:04:29.2117617Z [36;1m  cp -r "$SDK_SRC"/* "$SDK_DST/default/openharmony/$API_VERSION/" 2>/dev/null || true[0m
2026-06-20T06:04:29.2118154Z [36;1mfi[0m
2026-06-20T06:04:29.2118456Z [36;1m[0m
2026-06-20T06:04:29.2118805Z [36;1mecho "=== Reorganized SDK structure ==="[0m
2026-06-20T06:04:29.2119383Z [36;1mfind "$SDK_DST" -maxdepth 4 -type d | sort || true[0m
2026-06-20T06:04:29.2119902Z [36;1m[0m
2026-06-20T06:04:29.2120249Z [36;1mecho "DEVECO_SDK_HOME=$SDK_DST" >> $GITHUB_ENV[0m
2026-06-20T06:04:29.2120592Z [36;1mecho "OHOS_SDK_HOME=$SDK_DST" >> $GITHUB_ENV[0m
2026-06-20T06:04:29.2120913Z [36;1mecho "HOS_SDK_HOME=$SDK_DST" >> $GITHUB_ENV[0m
2026-06-20T06:04:29.2154376Z shell: /usr/bin/bash -e {0}
2026-06-20T06:04:29.2154639Z env:
2026-06-20T06:04:29.2154892Z   OHOS_BASE_SDK_HOME: /home/runner/setup-ohos-sdk/linux
2026-06-20T06:04:29.2155243Z   OHOS_NDK_HOME: /home/runner/setup-ohos-sdk/linux/12
2026-06-20T06:04:29.2155607Z   OHOS_SDK_NATIVE: /home/runner/setup-ohos-sdk/linux/12/native
2026-06-20T06:04:29.2156082Z   COMMANDLINE_TOOL_DIR: /home/runner/work/_temp/harmony-tools/command-line-tools
2026-06-20T06:04:29.2156469Z ##[endgroup]
2026-06-20T06:04:29.2240948Z === Source SDK structure ===
2026-06-20T06:04:29.2262066Z /home/runner/setup-ohos-sdk/linux
2026-06-20T06:04:29.2262745Z /home/runner/setup-ohos-sdk/linux/12
2026-06-20T06:04:29.2263385Z /home/runner/setup-ohos-sdk/linux/12/ets
2026-06-20T06:04:29.2264309Z /home/runner/setup-ohos-sdk/linux/12/ets/api
2026-06-20T06:04:29.2265026Z /home/runner/setup-ohos-sdk/linux/12/ets/arkts
2026-06-20T06:04:29.2270550Z /home/runner/setup-ohos-sdk/linux/12/ets/build-tools
2026-06-20T06:04:29.2271592Z /home/runner/setup-ohos-sdk/linux/12/ets/component
2026-06-20T06:04:29.2272279Z /home/runner/setup-ohos-sdk/linux/12/ets/kits
2026-06-20T06:04:29.2272870Z /home/runner/setup-ohos-sdk/linux/12/js
2026-06-20T06:04:29.2273334Z /home/runner/setup-ohos-sdk/linux/12/js/api
2026-06-20T06:04:29.2273714Z /home/runner/setup-ohos-sdk/linux/12/js/build-tools
2026-06-20T06:04:29.2274135Z /home/runner/setup-ohos-sdk/linux/12/js/form
2026-06-20T06:04:29.2274493Z /home/runner/setup-ohos-sdk/linux/12/native
2026-06-20T06:04:29.2274874Z /home/runner/setup-ohos-sdk/linux/12/native/build
2026-06-20T06:04:29.2275340Z /home/runner/setup-ohos-sdk/linux/12/native/build-tools
2026-06-20T06:04:29.2276117Z /home/runner/setup-ohos-sdk/linux/12/native/docs
2026-06-20T06:04:29.2276663Z /home/runner/setup-ohos-sdk/linux/12/native/llvm
2026-06-20T06:04:29.2277052Z /home/runner/setup-ohos-sdk/linux/12/native/sysroot
2026-06-20T06:04:29.2277431Z /home/runner/setup-ohos-sdk/linux/12/previewer
2026-06-20T06:04:29.2277825Z /home/runner/setup-ohos-sdk/linux/12/previewer/common
2026-06-20T06:04:29.2278260Z /home/runner/setup-ohos-sdk/linux/12/previewer/liteWearable
2026-06-20T06:04:29.2278675Z /home/runner/setup-ohos-sdk/linux/12/toolchains
2026-06-20T06:04:29.2279139Z /home/runner/setup-ohos-sdk/linux/12/toolchains/configcheck
2026-06-20T06:04:29.2284021Z /home/runner/setup-ohos-sdk/linux/12/toolchains/lib
2026-06-20T06:04:29.2284483Z /home/runner/setup-ohos-sdk/linux/12/toolchains/modulecheck
2026-06-20T06:04:29.2284951Z /home/runner/setup-ohos-sdk/linux/12/toolchains/syscapcheck
2026-06-20T06:04:29.2285319Z API version from action: 12
2026-06-20T06:04:37.3105400Z === Reorganized SDK structure ===
2026-06-20T06:04:37.3106122Z /home/runner/work/_temp/harmony-sdk
2026-06-20T06:04:37.3106744Z /home/runner/work/_temp/harmony-sdk/default
2026-06-20T06:04:37.3107462Z /home/runner/work/_temp/harmony-sdk/default/openharmony
2026-06-20T06:04:37.3110107Z /home/runner/work/_temp/harmony-sdk/default/openharmony/12
2026-06-20T06:04:37.3111006Z /home/runner/work/_temp/harmony-sdk/default/openharmony/12/ets
2026-06-20T06:04:37.3705869Z /home/runner/work/_temp/harmony-sdk/default/openharmony/12/js
2026-06-20T06:04:37.3706725Z /home/runner/work/_temp/harmony-sdk/default/openharmony/12/native
2026-06-20T06:04:37.3707595Z /home/runner/work/_temp/harmony-sdk/default/openharmony/12/previewer
2026-06-20T06:04:37.3708483Z /home/runner/work/_temp/harmony-sdk/default/openharmony/12/toolchains
2026-06-20T06:04:38.3142631Z ##[group]Run node -v || true
2026-06-20T06:04:38.3143561Z [36;1mnode -v || true[0m
2026-06-20T06:04:38.3143994Z [36;1mohpm -v || true[0m
2026-06-20T06:04:38.3144449Z [36;1mecho "SDK path: /home/runner/setup-ohos-sdk"[0m
2026-06-20T06:04:38.3144989Z [36;1mecho "SDK version: 5.0.0.71"[0m
2026-06-20T06:04:38.3145455Z [36;1mecho "API version: 12"[0m
2026-06-20T06:04:38.3145788Z [36;1mecho "DEVECO_SDK_HOME=$DEVECO_SDK_HOME"[0m
2026-06-20T06:04:38.3146193Z [36;1mecho "OHOS_BASE_SDK_HOME=$OHOS_BASE_SDK_HOME"[0m
2026-06-20T06:04:39.0596396Z shell: /usr/bin/bash -e {0}
2026-06-20T06:04:39.0596947Z env:
2026-06-20T06:04:39.0597475Z   OHOS_BASE_SDK_HOME: /home/runner/setup-ohos-sdk/linux
2026-06-20T06:04:39.0598330Z   OHOS_NDK_HOME: /home/runner/setup-ohos-sdk/linux/12
2026-06-20T06:04:39.0599010Z   OHOS_SDK_NATIVE: /home/runner/setup-ohos-sdk/linux/12/native
2026-06-20T06:04:39.0599578Z   COMMANDLINE_TOOL_DIR: /home/runner/work/_temp/harmony-tools/command-line-tools
2026-06-20T06:04:39.0600266Z   DEVECO_SDK_HOME: /home/runner/work/_temp/harmony-sdk
2026-06-20T06:04:39.0600936Z   OHOS_SDK_HOME: /home/runner/work/_temp/harmony-sdk
2026-06-20T06:04:39.0601822Z   HOS_SDK_HOME: /home/runner/work/_temp/harmony-sdk
2026-06-20T06:04:39.0602426Z ##[endgroup]
2026-06-20T06:04:39.2198118Z v22.22.3
2026-06-20T06:04:40.4853940Z 6.0.1
2026-06-20T06:04:40.4929617Z SDK path: /home/runner/setup-ohos-sdk
2026-06-20T06:04:40.4930199Z SDK version: 5.0.0.71
2026-06-20T06:04:40.4930582Z API version: 12
2026-06-20T06:04:40.4931363Z DEVECO_SDK_HOME=/home/runner/work/_temp/harmony-sdk
2026-06-20T06:04:40.4932116Z OHOS_BASE_SDK_HOME=/home/runner/setup-ohos-sdk/linux
2026-06-20T06:04:40.4959192Z ##[group]Run if [ ! -f "./hvigorw" ]; then
2026-06-20T06:04:40.4959636Z [36;1mif [ ! -f "./hvigorw" ]; then[0m
2026-06-20T06:04:40.4960087Z [36;1m  echo "ERROR: apps/harmony/hvigorw not found."[0m
2026-06-20T06:04:40.4960451Z [36;1m  exit 1[0m
2026-06-20T06:04:40.4960886Z [36;1mfi[0m
2026-06-20T06:04:40.4961527Z [36;1mchmod +x ./hvigorw[0m
2026-06-20T06:04:40.4995359Z shell: /usr/bin/bash -e {0}
2026-06-20T06:04:40.4995772Z env:
2026-06-20T06:04:40.4996140Z   OHOS_BASE_SDK_HOME: /home/runner/setup-ohos-sdk/linux
2026-06-20T06:04:40.4996636Z   OHOS_NDK_HOME: /home/runner/setup-ohos-sdk/linux/12
2026-06-20T06:04:40.4997145Z   OHOS_SDK_NATIVE: /home/runner/setup-ohos-sdk/linux/12/native
2026-06-20T06:04:40.4997707Z   COMMANDLINE_TOOL_DIR: /home/runner/work/_temp/harmony-tools/command-line-tools
2026-06-20T06:04:40.4998221Z   DEVECO_SDK_HOME: /home/runner/work/_temp/harmony-sdk
2026-06-20T06:04:40.4998712Z   OHOS_SDK_HOME: /home/runner/work/_temp/harmony-sdk
2026-06-20T06:04:40.4999266Z   HOS_SDK_HOME: /home/runner/work/_temp/harmony-sdk
2026-06-20T06:04:40.5742451Z ##[endgroup]
2026-06-20T06:04:40.6220106Z ##[group]Run cp build-profile.ci.json5 build-profile.json5
2026-06-20T06:04:40.6220571Z [36;1mcp build-profile.ci.json5 build-profile.json5[0m
2026-06-20T06:04:40.6220934Z [36;1mcp oh-package.ci.json5 oh-package.json5[0m
2026-06-20T06:04:40.6251843Z shell: /usr/bin/bash -e {0}
2026-06-20T06:04:40.6252087Z env:
2026-06-20T06:04:40.6252334Z   OHOS_BASE_SDK_HOME: /home/runner/setup-ohos-sdk/linux
2026-06-20T06:04:40.6252699Z   OHOS_NDK_HOME: /home/runner/setup-ohos-sdk/linux/12
2026-06-20T06:04:40.6253074Z   OHOS_SDK_NATIVE: /home/runner/setup-ohos-sdk/linux/12/native
2026-06-20T06:04:40.6253537Z   COMMANDLINE_TOOL_DIR: /home/runner/work/_temp/harmony-tools/command-line-tools
2026-06-20T06:04:40.6253976Z   DEVECO_SDK_HOME: /home/runner/work/_temp/harmony-sdk
2026-06-20T06:04:40.6254317Z   OHOS_SDK_HOME: /home/runner/work/_temp/harmony-sdk
2026-06-20T06:04:40.6254825Z   HOS_SDK_HOME: /home/runner/work/_temp/harmony-sdk
2026-06-20T06:04:40.6255108Z ##[endgroup]
2026-06-20T06:04:40.6361668Z ##[group]Run mkdir -p node_modules/@ohos
2026-06-20T06:04:40.6362035Z [36;1mmkdir -p node_modules/@ohos[0m
2026-06-20T06:04:40.6362297Z [36;1m[0m
2026-06-20T06:04:40.6362529Z [36;1mecho "Downloading @ohos/hvigor@6.26.1..."[0m
2026-06-20T06:04:40.6363072Z [36;1mwget -q -O /tmp/hvigor.tgz "https://repo.harmonyos.com/npm/@ohos/hvigor/-/@ohos/hvigor-6.26.1.tgz"[0m
2026-06-20T06:04:40.6363584Z [36;1mmkdir -p node_modules/@ohos/hvigor[0m
2026-06-20T06:04:40.6363996Z [36;1mtar xzf /tmp/hvigor.tgz -C node_modules/@ohos/hvigor --strip-components=1[0m
2026-06-20T06:04:40.6364378Z [36;1m[0m
2026-06-20T06:04:40.6364636Z [36;1mecho "Downloading @ohos/hvigor-ohos-plugin@6.26.1..."[0m
2026-06-20T06:04:40.6365298Z [36;1mwget -q -O /tmp/hvigor-plugin.tgz "https://repo.harmonyos.com/npm/@ohos/hvigor-ohos-plugin/-/@ohos/hvigor-ohos-plugin-6.26.1.tgz"[0m
2026-06-20T06:04:40.6365963Z [36;1mmkdir -p node_modules/@ohos/hvigor-ohos-plugin[0m
2026-06-20T06:04:40.6366543Z [36;1mtar xzf /tmp/hvigor-plugin.tgz -C node_modules/@ohos/hvigor-ohos-plugin --strip-components=1[0m
2026-06-20T06:04:40.6367008Z [36;1m[0m
2026-06-20T06:04:40.6367210Z [36;1mecho "Verifying installation..."[0m
2026-06-20T06:04:40.6367507Z [36;1mls -la node_modules/@ohos/[0m
2026-06-20T06:04:40.6367983Z [36;1mnode -e "console.log('hvigor version:', require('./node_modules/@ohos/hvigor/package.json').version)"[0m
2026-06-20T06:04:40.6368718Z [36;1mnode -e "console.log('plugin version:', require('./node_modules/@ohos/hvigor-ohos-plugin/package.json').version)"[0m
2026-06-20T06:04:40.6369294Z [36;1mls -la ./node_modules/@ohos/hvigor/bin/hvigor.js[0m
2026-06-20T06:04:40.6398212Z shell: /usr/bin/bash -e {0}
2026-06-20T06:04:40.6398452Z env:
2026-06-20T06:04:40.6398697Z   OHOS_BASE_SDK_HOME: /home/runner/setup-ohos-sdk/linux
2026-06-20T06:04:40.6399066Z   OHOS_NDK_HOME: /home/runner/setup-ohos-sdk/linux/12
2026-06-20T06:04:40.6399449Z   OHOS_SDK_NATIVE: /home/runner/setup-ohos-sdk/linux/12/native
2026-06-20T06:04:40.6399915Z   COMMANDLINE_TOOL_DIR: /home/runner/work/_temp/harmony-tools/command-line-tools
2026-06-20T06:04:40.6400357Z   DEVECO_SDK_HOME: /home/runner/work/_temp/harmony-sdk
2026-06-20T06:04:40.6400690Z   OHOS_SDK_HOME: /home/runner/work/_temp/harmony-sdk
2026-06-20T06:04:40.6401240Z   HOS_SDK_HOME: /home/runner/work/_temp/harmony-sdk
2026-06-20T06:04:40.6401559Z ##[endgroup]
2026-06-20T06:04:40.6462676Z Downloading @ohos/hvigor@6.26.1...
2026-06-20T06:04:42.8745340Z Downloading @ohos/hvigor-ohos-plugin@6.26.1...
2026-06-20T06:04:46.5285741Z Verifying installation...
2026-06-20T06:04:46.5300525Z total 16
2026-06-20T06:04:46.5301230Z drwxr-xr-x 4 runner runner 4096 Jun 20 06:04 .
2026-06-20T06:04:46.5301880Z drwxr-xr-x 3 runner runner 4096 Jun 20 06:04 ..
2026-06-20T06:04:46.5302628Z drwxr-xr-x 8 runner runner 4096 Jun 20 06:04 hvigor
2026-06-20T06:04:46.5303464Z drwxr-xr-x 6 runner runner 4096 Jun 20 06:04 hvigor-ohos-plugin
2026-06-20T06:04:46.7648219Z hvigor version: 6.26.1
2026-06-20T06:04:47.0411474Z plugin version: 6.26.1
2026-06-20T06:04:47.0458272Z -rw------- 1 runner runner 3954 Oct 26  1985 ./node_modules/@ohos/hvigor/bin/hvigor.js
2026-06-20T06:04:47.0497777Z ##[group]Run ohpm config set registry https://ohpm.openharmony.cn/ohpm/
2026-06-20T06:04:47.0498725Z [36;1mohpm config set registry https://ohpm.openharmony.cn/ohpm/[0m
2026-06-20T06:04:47.0499417Z [36;1mohpm install --all || true[0m
2026-06-20T06:04:47.0545581Z shell: /usr/bin/bash -e {0}
2026-06-20T06:04:47.0546014Z env:
2026-06-20T06:04:47.0546466Z   OHOS_BASE_SDK_HOME: /home/runner/setup-ohos-sdk/linux
2026-06-20T06:04:47.0547127Z   OHOS_NDK_HOME: /home/runner/setup-ohos-sdk/linux/12
2026-06-20T06:04:47.0547794Z   OHOS_SDK_NATIVE: /home/runner/setup-ohos-sdk/linux/12/native
2026-06-20T06:04:47.0548625Z   COMMANDLINE_TOOL_DIR: /home/runner/work/_temp/harmony-tools/command-line-tools
2026-06-20T06:04:47.0549441Z   DEVECO_SDK_HOME: /home/runner/work/_temp/harmony-sdk
2026-06-20T06:04:47.0550362Z   OHOS_SDK_HOME: /home/runner/work/_temp/harmony-sdk
2026-06-20T06:04:47.0550957Z   HOS_SDK_HOME: /home/runner/work/_temp/harmony-sdk
2026-06-20T06:04:47.0551797Z ##[endgroup]
2026-06-20T06:04:49.4792403Z ohpm INFO: MetaDataFetcher fetching meta info of package '@ohos/hvigor-ohos-plugin' from https://ohpm.openharmony.cn/ohpm/
2026-06-20T06:04:50.4956731Z [33mohpm WARN: fetch meta info of package '@ohos/hvigor-ohos-plugin' failed - GET https://ohpm.openharmony.cn/ohpm/@ohos/hvigor-ohos-plugin 404( undefined )[39m
2026-06-20T06:04:50.5020248Z [31mohpm ERROR: Run install command failed 
2026-06-20T06:04:50.5020928Z Error: 00617101 Fetch Pkg Info Failed
2026-06-20T06:04:50.5022019Z Error Message: FetchPackageInfo: "@ohos/hvigor-ohos-plugin" failed
2026-06-20T06:04:50.5022832Z ╰→ Caused by:
2026-06-20T06:04:50.5024081Z   Original Error: NOTFOUND package '@ohos/hvigor-ohos-plugin@6.26.1' not found from all the registries https://ohpm.openharmony.cn/ohpm/[39m
2026-06-20T06:04:50.5120307Z ##[group]Run echo "DEVECO_SDK_HOME=$DEVECO_SDK_HOME"
2026-06-20T06:04:50.5120719Z [36;1mecho "DEVECO_SDK_HOME=$DEVECO_SDK_HOME"[0m
2026-06-20T06:04:50.5121033Z [36;1mecho "OHOS_SDK_HOME=$OHOS_SDK_HOME"[0m
2026-06-20T06:04:50.5121755Z [36;1mecho "NODE_PATH=$NODE_PATH"[0m
2026-06-20T06:04:50.5122101Z [36;1mfind "$DEVECO_SDK_HOME" -maxdepth 5 -type d | sort || true[0m
2026-06-20T06:04:50.5122616Z [36;1mfind "$DEVECO_SDK_HOME" -name "oh-uni-package.json" -exec cat {} \; 2>/dev/null || true[0m
2026-06-20T06:04:50.5123551Z [36;1mnode ./node_modules/@ohos/hvigor/bin/hvigor.js assembleHap --mode module -p product=default -p buildMode=debug --no-daemon --stacktrace > /tmp/hvigor-output.txt 2>&1 || true[0m
2026-06-20T06:04:50.5124378Z [36;1m# Write output to step summary for visibility without log download[0m
2026-06-20T06:04:50.5124815Z [36;1mecho "### hvigor build output" >> $GITHUB_STEP_SUMMARY[0m
2026-06-20T06:04:50.5125154Z [36;1mecho '```' >> $GITHUB_STEP_SUMMARY[0m
2026-06-20T06:04:50.5125530Z [36;1mcat /tmp/hvigor-output.txt >> $GITHUB_STEP_SUMMARY[0m
2026-06-20T06:04:50.5125862Z [36;1mecho '```' >> $GITHUB_STEP_SUMMARY[0m
2026-06-20T06:04:50.5126132Z [36;1m# Also print to job log[0m
2026-06-20T06:04:50.5126390Z [36;1mcat /tmp/hvigor-output.txt[0m
2026-06-20T06:04:50.5126650Z [36;1m# Check if build failed[0m
2026-06-20T06:04:50.5126946Z [36;1mif grep -q "ERROR" /tmp/hvigor-output.txt; then[0m
2026-06-20T06:04:50.5127350Z [36;1m  echo "::error::hvigor build failed, see Step Summary for details"[0m
2026-06-20T06:04:50.5127704Z [36;1m  exit 1[0m
2026-06-20T06:04:50.5127899Z [36;1mfi[0m
2026-06-20T06:04:50.5159854Z shell: /usr/bin/bash --noprofile --norc -e -o pipefail {0}
2026-06-20T06:04:50.5160185Z env:
2026-06-20T06:04:50.5160433Z   OHOS_BASE_SDK_HOME: /home/runner/setup-ohos-sdk/linux
2026-06-20T06:04:50.5160791Z   OHOS_NDK_HOME: /home/runner/setup-ohos-sdk/linux/12
2026-06-20T06:04:50.5161425Z   OHOS_SDK_NATIVE: /home/runner/setup-ohos-sdk/linux/12/native
2026-06-20T06:04:50.5161907Z   COMMANDLINE_TOOL_DIR: /home/runner/work/_temp/harmony-tools/command-line-tools
2026-06-20T06:04:50.5162363Z   DEVECO_SDK_HOME: /home/runner/work/_temp/harmony-sdk
2026-06-20T06:04:50.5162710Z   OHOS_SDK_HOME: /home/runner/work/_temp/harmony-sdk
2026-06-20T06:04:50.5163032Z   HOS_SDK_HOME: /home/runner/work/_temp/harmony-sdk
2026-06-20T06:04:50.5163393Z   npm_config_registry: https://repo.harmonyos.com/npm/
2026-06-20T06:04:50.5163854Z   NODE_PATH: /home/runner/work/xiezuoruanjian/xiezuoruanjian/apps/harmony/node_modules
2026-06-20T06:04:50.5164263Z ##[endgroup]
2026-06-20T06:04:50.5217365Z DEVECO_SDK_HOME=/home/runner/work/_temp/harmony-sdk
2026-06-20T06:04:50.5217912Z OHOS_SDK_HOME=/home/runner/work/_temp/harmony-sdk
2026-06-20T06:04:50.5218483Z NODE_PATH=/home/runner/work/xiezuoruanjian/xiezuoruanjian/apps/harmony/node_modules
2026-06-20T06:04:50.5235698Z /home/runner/work/_temp/harmony-sdk
2026-06-20T06:04:50.5236343Z /home/runner/work/_temp/harmony-sdk/default
2026-06-20T06:04:50.5237424Z /home/runner/work/_temp/harmony-sdk/default/openharmony
2026-06-20T06:04:50.5237908Z /home/runner/work/_temp/harmony-sdk/default/openharmony/12
2026-06-20T06:04:50.5238396Z /home/runner/work/_temp/harmony-sdk/default/openharmony/12/ets
2026-06-20T06:04:50.5238907Z /home/runner/work/_temp/harmony-sdk/default/openharmony/12/ets/api
2026-06-20T06:04:50.5239504Z /home/runner/work/_temp/harmony-sdk/default/openharmony/12/ets/arkts
2026-06-20T06:04:50.5240177Z /home/runner/work/_temp/harmony-sdk/default/openharmony/12/ets/build-tools
2026-06-20T06:04:50.5240738Z /home/runner/work/_temp/harmony-sdk/default/openharmony/12/ets/component
2026-06-20T06:04:50.5241580Z /home/runner/work/_temp/harmony-sdk/default/openharmony/12/ets/kits
2026-06-20T06:04:50.5242077Z /home/runner/work/_temp/harmony-sdk/default/openharmony/12/js
2026-06-20T06:04:50.5242565Z /home/runner/work/_temp/harmony-sdk/default/openharmony/12/js/api
2026-06-20T06:04:50.5243290Z /home/runner/work/_temp/harmony-sdk/default/openharmony/12/js/build-tools
2026-06-20T06:04:50.5243839Z /home/runner/work/_temp/harmony-sdk/default/openharmony/12/js/form
2026-06-20T06:04:50.5244330Z /home/runner/work/_temp/harmony-sdk/default/openharmony/12/native
2026-06-20T06:04:50.5244841Z /home/runner/work/_temp/harmony-sdk/default/openharmony/12/native/build
2026-06-20T06:04:50.5245416Z /home/runner/work/_temp/harmony-sdk/default/openharmony/12/native/build-tools
2026-06-20T06:04:50.5245970Z /home/runner/work/_temp/harmony-sdk/default/openharmony/12/native/docs
2026-06-20T06:04:50.5246490Z /home/runner/work/_temp/harmony-sdk/default/openharmony/12/native/llvm
2026-06-20T06:04:50.5247016Z /home/runner/work/_temp/harmony-sdk/default/openharmony/12/native/sysroot
2026-06-20T06:04:50.5247549Z /home/runner/work/_temp/harmony-sdk/default/openharmony/12/previewer
2026-06-20T06:04:50.5248110Z /home/runner/work/_temp/harmony-sdk/default/openharmony/12/previewer/common
2026-06-20T06:04:50.5248725Z /home/runner/work/_temp/harmony-sdk/default/openharmony/12/previewer/liteWearable
2026-06-20T06:04:50.5249299Z /home/runner/work/_temp/harmony-sdk/default/openharmony/12/toolchains
2026-06-20T06:04:50.5249870Z /home/runner/work/_temp/harmony-sdk/default/openharmony/12/toolchains/configcheck
2026-06-20T06:04:50.5250450Z /home/runner/work/_temp/harmony-sdk/default/openharmony/12/toolchains/lib
2026-06-20T06:04:50.5251036Z /home/runner/work/_temp/harmony-sdk/default/openharmony/12/toolchains/modulecheck
2026-06-20T06:04:50.5251919Z /home/runner/work/_temp/harmony-sdk/default/openharmony/12/toolchains/syscapcheck
2026-06-20T06:04:50.5267125Z {
2026-06-20T06:04:50.5267491Z   "apiVersion": "12",
2026-06-20T06:04:50.5267929Z   "displayName": "Previewer",
2026-06-20T06:04:50.5268203Z   "meta": {
2026-06-20T06:04:50.5268410Z     "metaVersion": "3.0.0"
2026-06-20T06:04:50.5268638Z   },
2026-06-20T06:04:50.5268829Z   "path": "previewer",
2026-06-20T06:04:50.5269061Z   "releaseType": "Release",
2026-06-20T06:04:50.5269291Z   "version": "5.0.0.71"
2026-06-20T06:04:50.5278680Z }{
2026-06-20T06:04:50.5279061Z   "apiVersion": "12",
2026-06-20T06:04:50.5279523Z   "displayName": "Toolchains",
2026-06-20T06:04:50.5279781Z   "meta": {
2026-06-20T06:04:50.5279988Z     "metaVersion": "3.0.0"
2026-06-20T06:04:50.5280210Z   },
2026-06-20T06:04:50.5280410Z   "path": "toolchains",
2026-06-20T06:04:50.5280639Z   "releaseType": "Release",
2026-06-20T06:04:50.5280869Z   "version": "5.0.0.71"
2026-06-20T06:04:50.5714528Z }{
2026-06-20T06:04:50.5714870Z   "apiVersion": "12",
2026-06-20T06:04:50.5715162Z   "displayName": "Js",
2026-06-20T06:04:50.5715389Z   "meta": {
2026-06-20T06:04:50.5715752Z     "metaVersion": "3.0.0"
2026-06-20T06:04:50.5716147Z   },
2026-06-20T06:04:50.5716465Z   "path": "js",
2026-06-20T06:04:50.5716833Z   "releaseType": "Release",
2026-06-20T06:04:50.5717228Z   "version": "5.0.0.71"
2026-06-20T06:04:50.6101283Z }{
2026-06-20T06:04:50.6101592Z   "apiVersion": "12",
2026-06-20T06:04:50.6101972Z   "displayName": "Ets",
2026-06-20T06:04:50.6102204Z   "meta": {
2026-06-20T06:04:50.6102954Z     "metaVersion": "3.0.0"
2026-06-20T06:04:50.6103357Z   },
2026-06-20T06:04:50.6103673Z   "path": "ets",
2026-06-20T06:04:50.6104058Z   "releaseType": "Release",
2026-06-20T06:04:50.6104471Z   "version": "5.0.0.71"
2026-06-20T06:04:50.6470677Z }{
2026-06-20T06:04:50.6470924Z   "apiVersion": "12",
2026-06-20T06:04:50.6471530Z   "displayName": "Native",
2026-06-20T06:04:50.6471962Z   "meta": {
2026-06-20T06:04:50.6472310Z     "metaVersion": "3.0.0"
2026-06-20T06:04:50.6472709Z   },
2026-06-20T06:04:50.6473018Z   "path": "native",
2026-06-20T06:04:50.6473439Z   "releaseType": "Release",
2026-06-20T06:04:50.6473835Z   "version": "5.0.0.71"
2026-06-20T06:04:52.8104504Z }> hvigor [32mFinished :entry:clean... after 2 ms [39m
2026-06-20T06:04:52.8107142Z > hvigor [33mWARN: Currently, the device type 'phone' is not supported in module.json5 or config.json. You are advised to change the device type to 'default'.[39m
2026-06-20T06:04:52.8108916Z > hvigor [32mFinished :entry:default@PreBuild... after 190 ms [39m
2026-06-20T06:04:52.8110081Z > hvigor [32mFinished :entry:default@CreateModuleInfo... after 2 ms [39m
2026-06-20T06:04:52.8111000Z > hvigor [32mFinished :entry:default@GenerateMetadata... after 3 ms [39m
2026-06-20T06:04:52.8112189Z > hvigor [32mFinished :entry:default@ConfigureCmake... after 48 ms [39m
2026-06-20T06:04:52.8113062Z > hvigor [32mFinished :entry:default@MergeProfile... after 4 ms [39m
2026-06-20T06:04:52.8113952Z > hvigor [32mFinished :entry:default@CreateBuildProfile... after 2 ms [39m
2026-06-20T06:04:52.8114851Z > hvigor [32mFinished :entry:default@PreCheckSyscap... after 1 ms [39m
2026-06-20T06:04:52.8115790Z > hvigor [32mFinished :entry:default@GeneratePkgContextInfo... after 13 ms [39m
2026-06-20T06:04:52.8116744Z > hvigor [32mFinished :entry:default@GeneratePkgSdkInfo... after 3 ms [39m
2026-06-20T06:04:52.8117641Z > hvigor [32mFinished :entry:default@ProcessIntegratedHsp... after 1 ms [39m
2026-06-20T06:04:52.8118818Z > hvigor [32mFinished :entry:default@MakePackInfo... after 4 ms [39m
2026-06-20T06:04:52.8120693Z > hvigor [33mWARN: The systemCapability set corresponding to the 'phone' is not found in the '/home/runner/setup-ohos-sdk/linux/12/ets/api/device-define'.[39m
2026-06-20T06:04:52.8122374Z > hvigor [91mERROR: Failed :entry:default@SyscapTransform... [39m
2026-06-20T06:04:52.8122913Z > hvigor [91mERROR: [31m00303060 Configuration Error
2026-06-20T06:04:52.8124008Z Error Message: The intersection of the system capability sets configured for multiple devices is empty. At file: /home/runner/work/xiezuoruanjian/xiezuoruanjian/apps/harmony/entry/src/main/module.json5
2026-06-20T06:04:52.8124740Z 
2026-06-20T06:04:52.8124843Z * Try the following:
2026-06-20T06:04:52.8125623Z   > Invalid configuration in syscap.json file or unable to find the systemCapability set corresponding to the deviceType which defined in the 'entry' module.json5 or config.json.
2026-06-20T06:04:52.8126352Z [39m
2026-06-20T06:04:52.8126456Z 
2026-06-20T06:04:52.8126563Z [31m* Try:
2026-06-20T06:04:52.8126867Z > Run with --debug option to get more log output.
2026-06-20T06:04:52.8127178Z [39m
2026-06-20T06:04:52.8127586Z > hvigor [91mERROR: AdaptorError: [31m00303060 Configuration Error
2026-06-20T06:04:52.8128708Z Error Message: The intersection of the system capability sets configured for multiple devices is empty. At file: /home/runner/work/xiezuoruanjian/xiezuoruanjian/apps/harmony/entry/src/main/module.json5
2026-06-20T06:04:52.8129429Z 
2026-06-20T06:04:52.8129534Z * Try the following:
2026-06-20T06:04:52.8130302Z   > Invalid configuration in syscap.json file or unable to find the systemCapability set corresponding to the deviceType which defined in the 'entry' module.json5 or config.json.
2026-06-20T06:04:52.8131037Z [39m
2026-06-20T06:04:52.8132412Z     at OhosLogger.printErrorExit (/home/runner/work/xiezuoruanjian/xiezuoruanjian/apps/harmony/node_modules/@ohos/hvigor/src/base/log/hvigor-log.js:1:5087)
2026-06-20T06:04:52.8133791Z     at SyscapTransform.doTaskAction (/home/runner/work/xiezuoruanjian/xiezuoruanjian/apps/harmony/node_modules/@ohos/hvigor-ohos-plugin/src/tasks/abstract/abstract-syscap-transform.js:1:3202)
2026-06-20T06:04:52.8135562Z     at SyscapTransform.<anonymous> (/home/runner/work/xiezuoruanjian/xiezuoruanjian/apps/harmony/node_modules/@ohos/hvigor-ohos-plugin/src/tasks/task/ohos-module-task.js:1:2137)
2026-06-20T06:04:52.8136900Z     at async SyscapTransform.execute (/home/runner/work/xiezuoruanjian/xiezuoruanjian/apps/harmony/node_modules/@ohos/hvigor/src/base/external/task/core-task-impl.js:1:2258)
2026-06-20T06:04:52.8138164Z     at async TaskProxy.execute (/home/runner/work/xiezuoruanjian/xiezuoruanjian/apps/harmony/node_modules/@ohos/hvigor/src/base/internal/task/proxy/task-proxy.js:1:6613)
2026-06-20T06:04:52.8139435Z     at async doIncrementalTask (/home/runner/work/xiezuoruanjian/xiezuoruanjian/apps/harmony/node_modules/@ohos/hvigor/src/base/internal/core/incremental-task-executor.js:1:941)
2026-06-20T06:04:52.8140988Z     at async executeOneTask (/home/runner/work/xiezuoruanjian/xiezuoruanjian/apps/harmony/node_modules/@ohos/hvigor/src/base/internal/task/core/task-runner.js:1:4373)
2026-06-20T06:04:52.8142581Z     at async runTaskFromQueue (/home/runner/work/xiezuoruanjian/xiezuoruanjian/apps/harmony/node_modules/@ohos/hvigor/src/base/internal/task/core/task-runner.js:1:2473)
2026-06-20T06:04:52.8143823Z     at async runTaskFromQueue (/home/runner/work/xiezuoruanjian/xiezuoruanjian/apps/harmony/node_modules/@ohos/hvigor/src/base/internal/task/core/task-runner.js:1:3065)
2026-06-20T06:04:52.8145243Z     at async runTaskFromQueue (/home/runner/work/xiezuoruanjian/xiezuoruanjian/apps/harmony/node_modules/@ohos/hvigor/src/base/internal/task/core/task-runner.js:1:3065)[39m
2026-06-20T06:04:52.8146115Z > hvigor [91mERROR: BUILD FAILED in 1 s 576 ms [39m
2026-06-20T06:04:52.8163213Z ##[error]hvigor build failed, see Step Summary for details
2026-06-20T06:04:52.8172589Z ##[error]Process completed with exit code 1.
2026-06-20T06:04:52.8343747Z Post job cleanup.
2026-06-20T06:04:52.8420778Z Node 20 is being deprecated. This workflow is running with Node 24 by default. If you need to temporarily use Node 20, you can set the ACTIONS_ALLOW_USE_UNSECURE_NODE_VERSION=true environment variable. For more information see: https://github.blog/changelog/2025-09-19-deprecation-of-node-20-on-github-actions-runners/
2026-06-20T06:04:52.8422261Z Post job cleanup.
2026-06-20T06:04:53.1129138Z [command]/usr/bin/git version
2026-06-20T06:04:53.1172775Z git version 2.54.0
2026-06-20T06:04:53.1210823Z Temporarily overriding HOME='/home/runner/work/_temp/8749b7fa-3e23-439c-9395-ea5e76d37089' before making global git config changes
2026-06-20T06:04:53.1213068Z Adding repository directory to the temporary git global config as a safe directory
2026-06-20T06:04:53.1216953Z [command]/usr/bin/git config --global --add safe.directory /home/runner/work/xiezuoruanjian/xiezuoruanjian
2026-06-20T06:04:53.1253067Z [command]/usr/bin/git config --local --name-only --get-regexp core\.sshCommand
2026-06-20T06:04:53.1287779Z [command]/usr/bin/git submodule foreach --recursive sh -c "git config --local --name-only --get-regexp 'core\.sshCommand' && git config --local --unset-all 'core.sshCommand' || :"
2026-06-20T06:04:53.1541541Z [command]/usr/bin/git config --local --name-only --get-regexp http\.https\:\/\/github\.com\/\.extraheader
2026-06-20T06:04:53.1587995Z http.https://github.com/.extraheader
2026-06-20T06:04:53.1599078Z [command]/usr/bin/git config --local --unset-all http.https://github.com/.extraheader
2026-06-20T06:04:53.1634567Z [command]/usr/bin/git submodule foreach --recursive sh -c "git config --local --name-only --get-regexp 'http\.https\:\/\/github\.com\/\.extraheader' && git config --local --unset-all 'http.https://github.com/.extraheader' || :"
2026-06-20T06:04:53.1887490Z [command]/usr/bin/git config --local --name-only --get-regexp ^includeIf\.gitdir:
2026-06-20T06:04:53.1917075Z [command]/usr/bin/git submodule foreach --recursive git config --local --show-origin --name-only --get-regexp remote.origin.url
2026-06-20T06:04:53.2276870Z Cleaning up orphan processes
2026-06-20T06:04:53.2782800Z ##[warning]Node.js 20 is deprecated. The following actions target Node.js 20 but are being forced to run on Node.js 24: actions/checkout@v4, actions/setup-node@v4. For more information see: https://github.blog/changelog/2025-09-19-deprecation-of-node-20-on-github-actions-runners/
